# serializer version: 1
# name: test_diagnostics
  dict({
    'counts': dict({
      'buttons': 3,
      'devices': 14,
      'flags': 2,
      'hvac_groups': 1,
      'loads': 16,
      'rooms': 8,
      'scenes': 2,
      'sensors': 5,
    }),
    'flags': dict({
      '39': dict({
        'id': 39,
        'name': 'Abwesend',
        'symbol': 'absent',
        'value': False,
      }),
      '40': dict({
        'id': 40,
        'name': 'Putzen',
        'symbol': 'cleaning',
        'value': False,
      }),
    }),
    'loads': dict({
      '1': dict({
        'channel': 0,
        'device': '00001005',
        'id': 1,
        'kind': 3,
        'name': 'Sonnenstore',
        'raw_sub_type': '',
        'raw_type': 'motor',
        'room': 5,
        'sub_type': <LoadSubType.NONE: ''>,
        'type': <LoadType.MOTOR: 'motor'>,
        'unused': False,
      }),
      '14': dict({
        'channel': 0,
        'device': '00001002',
        'id': 14,
        'kind': 1,
        'name': 'Schlafzimmer Seite',
        'raw_sub_type': '',
        'raw_type': 'motor',
        'room': 2,
        'sub_type': <LoadSubType.NONE: ''>,
        'type': <LoadType.MOTOR: 'motor'>,
        'unused': False,
      }),
      '15': dict({
        'channel': 1,
        'device': '00001002',
        'id': 15,
        'kind': 1,
        'name': 'Schlafzimmer Front',
        'raw_sub_type': '',
        'raw_type': 'motor',
        'room': 2,
        'sub_type': <LoadSubType.NONE: ''>,
        'type': <LoadType.MOTOR: 'motor'>,
        'unused': False,
      }),
      '2': dict({
        'channel': 0,
        'device': '00001003',
        'id': 2,
        'kind': 1,
        'name': 'Kinderzimmer',
        'raw_sub_type': '',
        'raw_type': 'motor',
        'room': 3,
        'sub_type': <LoadSubType.NONE: ''>,
        'type': <LoadType.MOTOR: 'motor'>,
        'unused': False,
      }),
      '20': dict({
        'channel': 0,
        'device': '00002001',
        'id': 20,
        'kind': 0,
        'name': 'Bürolampe',
        'raw_sub_type': '',
        'raw_type': 'onoff',
        'room': 1,
        'sub_type': <LoadSubType.NONE: ''>,
        'type': <LoadType.ONOFF: 'onoff'>,
        'unused': False,
      }),
      '21': dict({
        'channel': 0,
        'device': '00002002',
        'id': 21,
        'kind': 0,
        'name': 'Stehlampe',
        'raw_sub_type': '',
        'raw_type': 'dim',
        'room': 6,
        'sub_type': <LoadSubType.NONE: ''>,
        'type': <LoadType.DIM: 'dim'>,
        'unused': False,
      }),
      '22': dict({
        'channel': 0,
        'device': '00002003',
        'id': 22,
        'kind': 0,
        'name': 'Deckenlicht',
        'raw_sub_type': 'tw',
        'raw_type': 'dali',
        'room': 6,
        'sub_type': <LoadSubType.TW: 'tw'>,
        'type': <LoadType.DALI: 'dali'>,
        'unused': False,
      }),
      '23': dict({
        'channel': 1,
        'device': '00002003',
        'id': 23,
        'kind': 0,
        'name': 'LED-Band',
        'raw_sub_type': 'rgb',
        'raw_type': 'dali',
        'room': 7,
        'sub_type': <LoadSubType.RGB: 'rgb'>,
        'type': <LoadType.DALI: 'dali'>,
        'unused': False,
      }),
      '24': dict({
        'channel': 0,
        'device': '00002004',
        'id': 24,
        'kind': 1,
        'name': 'Steckdose Gang',
        'raw_sub_type': '',
        'raw_type': 'onoff',
        'room': 8,
        'sub_type': <LoadSubType.NONE: ''>,
        'type': <LoadType.ONOFF: 'onoff'>,
        'unused': False,
      }),
      '3': dict({
        'channel': 1,
        'device': '00001003',
        'id': 3,
        'kind': 1,
        'name': 'Gästezimmer',
        'raw_sub_type': '',
        'raw_type': 'motor',
        'room': 4,
        'sub_type': <LoadSubType.NONE: ''>,
        'type': <LoadType.MOTOR: 'motor'>,
        'unused': False,
      }),
      '6': dict({
        'channel': 0,
        'device': '00001004',
        'id': 6,
        'kind': 1,
        'name': 'Balkon links',
        'raw_sub_type': '',
        'raw_type': 'motor',
        'room': 5,
        'sub_type': <LoadSubType.NONE: ''>,
        'type': <LoadType.MOTOR: 'motor'>,
        'unused': False,
      }),
      '64': dict({
        'channel': 0,
        'device': '00001001',
        'id': 64,
        'kind': 1,
        'name': 'Büro',
        'raw_sub_type': '',
        'raw_type': 'motor',
        'room': 1,
        'sub_type': <LoadSubType.NONE: ''>,
        'type': <LoadType.MOTOR: 'motor'>,
        'unused': False,
      }),
      '7': dict({
        'channel': 1,
        'device': '00001004',
        'id': 7,
        'kind': 1,
        'name': 'Balkon rechts',
        'raw_sub_type': '',
        'raw_type': 'motor',
        'room': 5,
        'sub_type': <LoadSubType.NONE: ''>,
        'type': <LoadType.MOTOR: 'motor'>,
        'unused': False,
      }),
      '81': dict({
        'channel': 0,
        'device': '00001006',
        'id': 81,
        'kind': 1,
        'name': 'Wohnzimmer',
        'raw_sub_type': '',
        'raw_type': 'motor',
        'room': 6,
        'sub_type': <LoadSubType.NONE: ''>,
        'type': <LoadType.MOTOR: 'motor'>,
        'unused': False,
      }),
      '82': dict({
        'channel': 1,
        'device': '00001006',
        'id': 82,
        'kind': 1,
        'name': 'Esszimmer',
        'raw_sub_type': '',
        'raw_type': 'motor',
        'room': 7,
        'sub_type': <LoadSubType.NONE: ''>,
        'type': <LoadType.MOTOR: 'motor'>,
        'unused': False,
      }),
      '83': dict({
        'channel': 0,
        'device': '00001007',
        'id': 83,
        'kind': 1,
        'name': 'Wohnzimmer Seite',
        'raw_sub_type': '',
        'raw_type': 'motor',
        'room': 6,
        'sub_type': <LoadSubType.NONE: ''>,
        'type': <LoadType.MOTOR: 'motor'>,
        'unused': False,
      }),
    }),
    'motor_configs': dict({
      '00001001_0': dict({
        'raw': dict({
          'relay_mode': False,
          'sub_type': '',
          'tilt_ms': 300,
          'tiltable': True,
          'type': 'motor',
        }),
        'relay_mode': False,
        'tilt_ms': 300,
        'tiltable': True,
      }),
      '00001002_0': dict({
        'raw': dict({
          'relay_mode': False,
          'sub_type': '',
          'tilt_ms': 250,
          'tiltable': True,
          'type': 'motor',
        }),
        'relay_mode': False,
        'tilt_ms': 250,
        'tiltable': True,
      }),
      '00001002_1': dict({
        'raw': dict({
          'relay_mode': False,
          'sub_type': '',
          'tilt_ms': 250,
          'tiltable': True,
          'type': 'motor',
        }),
        'relay_mode': False,
        'tilt_ms': 250,
        'tiltable': True,
      }),
      '00001003_0': dict({
        'raw': dict({
          'relay_mode': False,
          'sub_type': '',
          'tilt_ms': 250,
          'tiltable': True,
          'type': 'motor',
        }),
        'relay_mode': False,
        'tilt_ms': 250,
        'tiltable': True,
      }),
      '00001003_1': dict({
        'raw': dict({
          'relay_mode': False,
          'sub_type': '',
          'tilt_ms': 250,
          'tiltable': True,
          'type': 'motor',
        }),
        'relay_mode': False,
        'tilt_ms': 250,
        'tiltable': True,
      }),
      '00001004_0': dict({
        'raw': dict({
          'relay_mode': False,
          'sub_type': '',
          'tilt_ms': 250,
          'tiltable': True,
          'type': 'motor',
        }),
        'relay_mode': False,
        'tilt_ms': 250,
        'tiltable': True,
      }),
      '00001004_1': dict({
        'raw': dict({
          'relay_mode': False,
          'sub_type': '',
          'tilt_ms': 250,
          'tiltable': True,
          'type': 'motor',
        }),
        'relay_mode': False,
        'tilt_ms': 250,
        'tiltable': True,
      }),
      '00001005_0': dict({
        'raw': dict({
          'relay_mode': False,
          'sub_type': '',
          'tilt_ms': 0,
          'tiltable': False,
          'type': 'motor',
        }),
        'relay_mode': False,
        'tilt_ms': 0,
        'tiltable': False,
      }),
      '00001006_0': dict({
        'raw': dict({
          'relay_mode': False,
          'sub_type': '',
          'tilt_ms': 250,
          'tiltable': True,
          'type': 'motor',
        }),
        'relay_mode': False,
        'tilt_ms': 250,
        'tiltable': True,
      }),
      '00001006_1': dict({
        'raw': dict({
          'relay_mode': False,
          'sub_type': '',
          'tilt_ms': 250,
          'tiltable': True,
          'type': 'motor',
        }),
        'relay_mode': False,
        'tilt_ms': 250,
        'tiltable': True,
      }),
      '00001007_0': dict({
        'raw': dict({
          'relay_mode': False,
          'sub_type': '',
          'tilt_ms': 250,
          'tiltable': True,
          'type': 'motor',
        }),
        'relay_mode': False,
        'tilt_ms': 250,
        'tiltable': True,
      }),
    }),
    'rooms': dict({
      '1': dict({
        'id': 1,
        'kind': 12,
        'load_order': list([
          64,
          20,
        ]),
        'name': 'Büro',
      }),
      '2': dict({
        'id': 2,
        'kind': 1,
        'load_order': list([
          14,
          15,
        ]),
        'name': 'Schlafzimmer',
      }),
      '3': dict({
        'id': 3,
        'kind': 2,
        'load_order': list([
          2,
        ]),
        'name': 'Kinderzimmer',
      }),
      '4': dict({
        'id': 4,
        'kind': 2,
        'load_order': list([
          3,
        ]),
        'name': 'Gästezimmer',
      }),
      '5': dict({
        'id': 5,
        'kind': 20,
        'load_order': list([
          6,
          7,
          1,
        ]),
        'name': 'Balkon',
      }),
      '6': dict({
        'id': 6,
        'kind': 3,
        'load_order': list([
          81,
          83,
          21,
          22,
        ]),
        'name': 'Wohnzimmer',
      }),
      '7': dict({
        'id': 7,
        'kind': 4,
        'load_order': list([
          82,
          23,
        ]),
        'name': 'Esszimmer',
      }),
      '8': dict({
        'id': 8,
        'kind': 9,
        'load_order': list([
          24,
        ]),
        'name': 'Gang',
      }),
    }),
    'scenes': dict({
      '40': dict({
        'id': 40,
        'job': 50,
        'kind': 2,
        'name': 'Alles zu',
        'raw': dict({
          'id': 40,
          'job': 50,
          'kind': 2,
          'name': 'Alles zu',
        }),
      }),
      '41': dict({
        'id': 41,
        'job': 51,
        'kind': 5,
        'name': 'Kino',
        'raw': dict({
          'id': 41,
          'job': 51,
          'kind': 5,
          'name': 'Kino',
        }),
      }),
    }),
    'sensors': dict({
      '19': dict({
        'channel': 0,
        'device': '00005001',
        'id': 19,
        'name': 'Temperatur Wohnzimmer',
        'raw_type': 'temperature',
        'sub_type': '',
        'type': <SensorType.TEMPERATURE: 'temperature'>,
        'unit': '℃',
        'value': 21.5,
      }),
      '23': dict({
        'channel': 2,
        'device': '00004001',
        'id': 23,
        'name': 'Helligkeit',
        'raw_type': 'illuminance',
        'sub_type': '',
        'type': <SensorType.ILLUMINANCE: 'illuminance'>,
        'unit': 'lux',
        'value': 3900,
      }),
      '24': dict({
        'channel': 3,
        'device': '00004001',
        'id': 24,
        'name': 'Wind',
        'raw_type': 'wind',
        'sub_type': '',
        'type': <SensorType.WIND: 'wind'>,
        'unit': 'm/s',
        'value': 2.5,
      }),
      '25': dict({
        'channel': 4,
        'device': '00004001',
        'id': 25,
        'name': 'Regen',
        'raw_type': 'rain',
        'sub_type': '',
        'type': <SensorType.RAIN: 'rain'>,
        'unit': 'bool',
        'value': 0,
      }),
      '26': dict({
        'channel': 5,
        'device': '00004001',
        'id': 26,
        'name': 'Hagel',
        'raw_type': 'hail',
        'sub_type': '',
        'type': <SensorType.HAIL: 'hail'>,
        'unit': 'bool',
        'value': 0,
      }),
    }),
  })
# ---
